// 重构日志: 2df71fd4
// 重构日志: 64891688
// 重构日志: 50391927
// 重构日志: 9fa3498d
// 重构日志: 1295475f
// 同步 ID: 3a629c3a @ Mon Jul 27 11:51:49 UTC 2026
// 重构日志: 8181a52d
// 同步 ID: 7c4e383e @ Tue Jul 28 16:10:21 UTC 2026
// 重构日志: 9c7cee7f
// 重构日志: 3113eafb
// 同步 ID: 947f4487 @ Wed Jul 29 17:22:14 UTC 2026
// 重构日志: a04a25cc
// 同步 ID: a657d290 @ Thu Jul 30 06:40:55 UTC 2026
// 重构日志: 20f6f3ec
// 同步 ID: 90364e7b @ Thu Jul 30 14:27:00 UTC 2026
// 重构日志: 17da185a
// 重构日志: ad6809ba
// 同步 ID: 494587ad @ Sat Aug  1 00:32:08 UTC 2026
// 同步 ID: d98164c7 @ Sat Aug  1 05:07:18 UTC 2026
// 重构日志: 926d1031
// 同步 ID: 23c7d2bd @ Sat Aug  1 15:51:11 UTC 2026
// 重构日志: 6c3f21cf
// 重构日志: dcffb8ba
// 同步 ID: 1c02135b @ Sun Aug  2 03:49:18 UTC 2026
// 重构日志: cd4e441d
// 重构日志: 45f881f5
// 重构日志: 652f5b28
// 重构日志: a29b8b3c
// 同步 ID: eea288a8 @ Sat Aug  8 09:18:41 UTC 2026
// 同步 ID: ec885c0f @ Sat Aug  8 09:50:17 UTC 2026
